kernel v1 documents consistent: 68 types, 38 errors, 15 coverage areas, 90 vectors
snapshot vector identities: 2 snapshots, 4 evaluation digests, 9 dependent mutations valid
snapshot vector identities: 2 snapshots, 4 evaluation digests, 9 dependent mutations valid
baseline: PASS
placeholder_snapshot_id: REJECTED
wrong_evaluation_digest: REJECTED
duplicate_json_member: REJECTED
detached_positive_base: REJECTED
false_redigest: REJECTED
altered_mutation_path: REJECTED
altered_expected_error: REJECTED
thermal/HVAC pack v1: PASS
baseline: PASS
duplicate_definition: REJECTED
wrong_pack: REJECTED
missing_follow_on: REJECTED
missing_effect: REJECTED
invalid_bounds: REJECTED
eebus_normative: REJECTED
non_kernel_kind: REJECTED
missing_owner: REJECTED
arbitrary_extension: REJECTED
arbitrary_schedule: REJECTED
missing_policy: REJECTED
missing_read_field: REJECTED
missing_stage: REJECTED
bad_constraint: REJECTED
invented_outcome: REJECTED
storage/BMS pack v1: PASS
wrong_pack: REJECTED
missing_domain: REJECTED
missing_field: REJECTED
unit_swap: REJECTED
dimension_swap: REJECTED
duplicate_symbol: REJECTED
can_live: REJECTED
rs485_control: REJECTED
wrong_owner: REJECTED
extra_mapping: REJECTED
missing_loss: REJECTED
counter_reset_wrap_weakened: REJECTED
missing_optionality: REJECTED
bound_drift: REJECTED
quantity_unit_retyped: REJECTED
quantity_dimension_crosswire: REJECTED
duplicate_field_id: REJECTED
symbol_set_drift: REJECTED
service_dimension_crosswire: REJECTED
relationship_endpoint_crosswire: REJECTED
relationship_cardinality_drift: REJECTED
capability_service_crosswire: REJECTED
capability_field_crosswire: REJECTED
capability_operation_crosswire: REJECTED
operation_input_crosswire: REJECTED
operation_authority_weakened: REJECTED
operation_dispatch_drift: REJECTED
operation_ack_drift: REJECTED
operation_readback_crosswire: REJECTED
operation_terminal_drift: REJECTED
operation_effect_crosswire: REJECTED
effect_field_crosswire: REJECTED
effect_comparator_drift: REJECTED
portal_service_crosswire: REJECTED
portal_capability_crosswire: REJECTED
portal_field_crosswire: REJECTED
portal_operation_crosswire: REJECTED
portal_admission_drift: REJECTED
extra_normative_row: REJECTED
definition_ref_wrong_owner: REJECTED
definition_ref_missing_version: REJECTED
decimal_malformed_coefficient: REJECTED
decimal_zero_exponent: REJECTED
decimal_trailing_zero: REJECTED
decimal_reversed_bounds: REJECTED
missing_acknowledged_unverified: REJECTED
blind_retry: REJECTED
definition_index_fields_out_of_order: REJECTED
definition_index_services_out_of_order: REJECTED
definition_index_capabilities_out_of_order: REJECTED
baseline: PASS; 12 catalog and 38 table mutations rejected
PV/inverter pack v1: PASS
baseline_exact_chain: PASS
close_decimal_interval: PASS
wrong_pack: REJECTED
missing_follow_on: REJECTED
storage_bms_downgrade: REJECTED
retyped_voltage: REJECTED
voltage_wrong_optional: REJECTED
boolean_decimal_exponent: REJECTED
dc_voltage_exact_minimum: REJECTED
ac_frequency_exact_maximum: REJECTED
retained_limit_exact_maximum: REJECTED
wrong_canonical_unit: REJECTED
duplicate_field_order: REJECTED
duplicate_symbol: REJECTED
nul_symbol: REJECTED
availability_symbol_reintroduced: REJECTED
readiness_conflates_unavailable: REJECTED
availability_policy_conflated: REJECTED
topology_self_edge: REJECTED
phase_service_system_dimension: REJECTED
capability_cross_service: REJECTED
operation_cross_capability: REJECTED
operation_wrong_argument: REJECTED
cross_operation_effect: REJECTED
wrong_effect_fact: REJECTED
effect_cross_operation: REJECTED
wrong_portal_operation: REJECTED
missing_portal_field: REJECTED
wrong_portal_read_service: REJECTED
growatt_wrong_owner: REJECTED
mapping_missing_loss: REJECTED
mapping_wrong_source_ref: REJECTED
extra_normative_mapping: REJECTED
tesla_provenance_reintroduced: REJECTED
focused_mutations: 32 REJECTED
EVSE pack v1: PASS
baseline_exact_chain: PASS
close_decimal_interval: PASS
wrong_pack: REJECTED
infrastructure_accepted: REJECTED
field_bound_drift: REJECTED
field_dimension_drift: REJECTED
relative_state_promoted: REJECTED
allocated_actual_collapsed: REJECTED
tesla_live_authority: REJECTED
tesla_sender: REJECTED
tesla_control_route: REJECTED
eebus_conformance: REJECTED
matter_conformance: REJECTED
relationship_cardinality: REJECTED
operation_precondition: REJECTED
operation_retry: REJECTED
effect_crosswire: REJECTED
portal_authority: REJECTED
counter_weakened: REJECTED
lifecycle_weakened: REJECTED
focused_mutations: 18 REJECTED
infrastructure pack v1: PASS
baseline_exact_chain: PASS
close_decimal_interval: PASS
wrong_pack: REJECTED
evse_downgraded: REJECTED
bound_drift: REJECTED
dimension_drift: REJECTED
topology_drift: REJECTED
capability_drift: REJECTED
operation_published: REJECTED
breaker_actuation_published: REJECTED
portal_authority: REJECTED
ebus_live: REJECTED
modbus_promoted: REJECTED
modbus_generic_candidate: REJECTED
eebus_conformance: REJECTED
matter_conformance: REJECTED
counter_weakened: REJECTED
lifecycle_weakened: REJECTED
loss_omitted: REJECTED
focused_mutations: 17 REJECTED
